# Trading bot log file
2026-02-19 22:15:02,034 | INFO     | trading_bot | Binance Futures Testnet client initialized
2026-02-19 22:15:43,251 | INFO     | trading_bot | Binance Futures Testnet client initialized
2026-02-19 22:16:36,691 | INFO     | trading_bot | Binance Futures Testnet client initialized
2026-02-19 22:18:23,657 | INFO     | trading_bot | Binance Futures Testnet client initialized
2026-02-19 22:18:52,949 | INFO     | trading_bot | Binance Futures Testnet client initialized
2026-02-19 22:19:10,528 | INFO     | trading_bot | Binance Futures Testnet client initialized
2026-02-19 22:20:18,207 | INFO     | trading_bot | Binance Futures Testnet client initialized
2026-02-19 22:20:18,212 | INFO     | trading_bot | Placing order: {'symbol': 'BTCUSDT', 'side': 'BUY', 'type': 'MARKET', 'quantity': 0.01}
2026-02-19 22:20:19,342 | INFO     | trading_bot | Order placed successfully: 12395644455
2026-02-19 22:25:23,725 | INFO     | trading_bot | Binance Futures Testnet client initialized
2026-02-19 22:27:36,962 | INFO     | trading_bot | Binance Futures Testnet client initialized
2026-02-19 22:27:36,968 | INFO     | trading_bot | Placing order: {'symbol': 'BTCUSDT', 'side': 'BUY', 'type': 'MARKET', 'quantity': 0.01}
2026-02-19 22:27:37,884 | INFO     | trading_bot | Order placed successfully: 12395791407
2026-02-19 22:27:44,376 | INFO     | trading_bot | Binance Futures Testnet client initialized
2026-02-19 22:28:38,658 | INFO     | trading_bot | Binance Futures Testnet client initialized
2026-02-19 22:28:38,663 | INFO     | trading_bot | Placing order: {'symbol': 'BTCUSDT', 'side': 'BUY', 'type': 'MARKET', 'quantity': 0.01}
2026-02-19 22:28:39,086 | INFO     | trading_bot | Order placed successfully: 12395811505
2026-02-19 22:28:50,550 | INFO     | trading_bot | Binance Futures Testnet client initialized
2026-02-19 22:28:50,554 | INFO     | trading_bot | Placing order: {'symbol': 'BTCUSDT', 'side': 'SELL', 'type': 'LIMIT', 'quantity': 0.01, 'price': 60000.0, 'timeInForce': 'GTC'}
2026-02-19 22:28:51,099 | ERROR    | trading_bot | Binance API Error: Limit price can't be lower than 62992.32. | Code: -4024
2026-02-19 22:29:01,618 | INFO     | trading_bot | Binance Futures Testnet client initialized
2026-02-19 22:29:01,622 | INFO     | trading_bot | Placing order: {'symbol': 'BTCUSDT', 'side': 'SELL', 'type': 'LIMIT', 'quantity': 0.01, 'price': 65000.0, 'timeInForce': 'GTC'}
2026-02-19 22:29:02,551 | INFO     | trading_bot | Order placed successfully: 12395817114
